00000160 A num_got_entries
ffffffff9f000000 T _start
ffffffff9f000400 t reset
ffffffff9f0004c4 t do_reset_normal
ffffffff9f0004e4 t do_reset
ffffffff9f0004fc t normal_path
ffffffff9f00052c t rel_start
ffffffff9f000574 T relocate_code
ffffffff9f0005d0 t in_ram
ffffffff9f000630 t romReserved
ffffffff9f000634 t romExcHandle
ffffffff9f000640 T do_bootd
ffffffff9f000698 T print_image_hdr
ffffffff9f000b04 T do_bootm
ffffffff9f000cac T do_iminfo
ffffffff9f000e80 T do_go
ffffffff9f000fa0 T flash_sect_erase
ffffffff9f001244 T do_flerase
ffffffff9f001860 T do_mem_mtest
ffffffff9f001f98 T cmd_get_data_size
ffffffff9f002070 T do_mem_md
ffffffff9f0023f4 t mod_mem
ffffffff9f0026a8 T do_mem_mm
ffffffff9f0026f8 T do_mem_nm
ffffffff9f002748 T do_mem_mw
ffffffff9f0028ec T do_mem_cp
ffffffff9f002b50 T do_print_mac
ffffffff9f002c5c T do_set_mac
ffffffff9f002e58 T do_start_nc
ffffffff9f002e98 T do_start_sc
ffffffff9f002ed8 T do_clear_clocks
ffffffff9f002fec T do_default_env
ffffffff9f0030cc T do_set_clocks
ffffffff9f003520 T do_httpd
ffffffff9f003554 t netboot_common
ffffffff9f0039c4 T do_tftpb
ffffffff9f003a04 T do_dhcp
ffffffff9f003a44 T do_ping
ffffffff9f003ba4 T do_sntp
ffffffff9f003d00 t envmatch
ffffffff9f003dd8 T do_printenv
ffffffff9f0040c0 T do_saveenv
ffffffff9f004118 T _do_setenv
ffffffff9f004934 T do_setenv
ffffffff9f0049d4 T setenv
ffffffff9f004a2c T getenv
ffffffff9f004b28 T getenv_r
ffffffff9f004c90 t evalexp
ffffffff9f004d1c T binary_test
ffffffff9f004ffc T do_itest
ffffffff9f005140 t bin_data_init
ffffffff9f005170 t bin_data_char
ffffffff9f0051bc t load_serial_ymodem
ffffffff9f0052f8 t getcxmodem
ffffffff9f00534c t switch_baudrate
ffffffff9f005408 T send_pad
ffffffff9f00547c T ktrans
ffffffff9f0054bc T chk1
ffffffff9f0054fc T s1_sendpacket
ffffffff9f005568 T send_ack
ffffffff9f005604 T send_nack
ffffffff9f0056a0 T k_data_init
ffffffff9f0056e0 T k_data_save
ffffffff9f005730 T k_data_restore
ffffffff9f005780 T k_data_char
ffffffff9f005828 T handle_send_packet
ffffffff9f005acc T do_load_serial_bin
ffffffff9f006330 T do_version
ffffffff9f006374 T do_echo
ffffffff9f006494 T do_test
ffffffff9f006cf8 T do_exit
ffffffff9f006d5c T find_cmd
ffffffff9f006e84 T do_help
ffffffff9f0071d0 t console_setfile
ffffffff9f0072b8 T serial_printf
ffffffff9f007328 T fgetc
ffffffff9f007380 T ftstc
ffffffff9f0073d8 T fputc
ffffffff9f007434 T fputs
ffffffff9f007488 T fprintf
ffffffff9f007500 T getc
ffffffff9f00755c T tstc
ffffffff9f0075b8 T putc
ffffffff9f007620 T puts
ffffffff9f007680 T printf
ffffffff9f0076f0 T ctrlc
ffffffff9f007778 T disable_ctrlc
ffffffff9f007794 T had_ctrlc
ffffffff9f0077ac T clear_ctrlc
ffffffff9f0077c4 T console_assign
ffffffff9f0078ec T console_init_f
ffffffff9f0078fc T console_init_r
ffffffff9f007aa0 T device_register
ffffffff9f007ae8 T devices_init
ffffffff9f007c0c T devices_done
ffffffff9f007c50 T env_get_char_memory
ffffffff9f007c88 t env_get_char_init
ffffffff9f007cd8 T env_crc_update
ffffffff9f007d2c T env_get_addr
ffffffff9f007d5c T env_relocate
ffffffff9f007e50 T addr2info
ffffffff9f007eb4 T flash_write
ffffffff9f007fec T flash_perror
ffffffff9f008180 T NewHandle
ffffffff9f00823c T DisposeHandle
ffffffff9f008298 T GetHandleSize
ffffffff9f0082a0 T SetHandleSize
ffffffff9f008384 T ListCreate
ffffffff9f00840c T ListDispose
ffffffff9f008440 T ListInsertItems
ffffffff9f0086e0 T ListInsertItem
ffffffff9f008718 T ListGetPtrToItem
ffffffff9f008758 T ListNumItems
ffffffff9f008770 T env_get_char_spec
ffffffff9f008780 T env_init
ffffffff9f008804 T saveenv
ffffffff9f0088e8 T env_relocate_spec
ffffffff9f008930 t b_reset
ffffffff9f008950 t static_get
ffffffff9f00896c t static_peek
ffffffff9f008978 t file_peek
ffffffff9f008984 t is_assignment
ffffffff9f008a04 t xmalloc
ffffffff9f008a5c t syntax_err
ffffffff9f008a98 t free_pipe_list
ffffffff9f008c3c t xrealloc
ffffffff9f008c94 t done_command
ffffffff9f008d5c t b_addchr
ffffffff9f008e34 t b_addqchr
ffffffff9f008ed0 t insert_var_value
ffffffff9f00920c t set_local_var
ffffffff9f009538 t file_get
ffffffff9f009810 T simple_itoa
ffffffff9f009874 T new_pipe
ffffffff9f0098c4 t done_pipe
ffffffff9f00996c T reserved_word
ffffffff9f009c70 t done_word
ffffffff9f009eb0 T mapset
ffffffff9f009eec T update_ifs_map
ffffffff9f009fbc T parse_string_outer
ffffffff9f00a148 t run_list_real
ffffffff9f00ad3c t parse_stream_outer
ffffffff9f00b7b0 T parse_file_outer
ffffffff9f00b818 T u_boot_hush_start
ffffffff9f00b8d0 T comm_if_getc_tout
ffffffff9f00b974 t xyzModem_flush
ffffffff9f00b9c0 t xyzModem_get_hdr
ffffffff9f00bd6c T parse_num
ffffffff9f00bf08 T xyzModem_stream_open
ffffffff9f00c110 T xyzModem_stream_read
ffffffff9f00c488 T xyzModem_stream_close
ffffffff9f00c504 T xyzModem_stream_terminate
ffffffff9f00c644 T xyzModem_error
ffffffff9f00c6f0 T cyg_crc16
ffffffff9f00c750 t delete_char
ffffffff9f00c8d8 T calibration_status
ffffffff9f00c9ec T readline
ffffffff9f00cd28 T run_command
ffffffff9f00d33c T copyart
ffffffff9f00d530 T upgrade_firmware
ffffffff9f00d66c T main_loop
ffffffff9f00de70 T do_run
ffffffff9f00df90 T malloc_bin_reloc
ffffffff9f00dfd0 T malloc_trim
ffffffff9f00e100 T free
ffffffff9f00e3f0 T malloc
ffffffff9f00ec10 T calloc
ffffffff9f00ed40 T realloc
ffffffff9f00f350 T memalign
ffffffff9f00f4ec T valloc
ffffffff9f00f528 T pvalloc
ffffffff9f00f56c T cfree
ffffffff9f00f5a0 T malloc_usable_size
ffffffff9f00f5f8 T mallopt
ffffffff9f00f6a0 T wlan_led_toggle
ffffffff9f00f6bc T wan_led_toggle
ffffffff9f00f6dc T led_toggle
ffffffff9f00f6f8 T all_led_on
ffffffff9f00f720 T wan_led_on
ffffffff9f00f744 T wan_led_off
ffffffff9f00f770 T wlan_led_on
ffffffff9f00f78c T wlan_led_off
ffffffff9f00f7ac T all_led_off
ffffffff9f00f7d8 T reset_button_status
ffffffff9f00f7ec T gpio_config
ffffffff9f00f850 T ar7240_mem_config
ffffffff9f00f8e0 T initdram
ffffffff9f00f914 T checkboard
ffffffff9f00f954 T print_mem_type
ffffffff9f00f9c0 t flash_set_geom
ffffffff9f00fa10 t ar7240_spi_write_enable
ffffffff9f00fa80 t ar7240_spi_poll
ffffffff9f00fb00 T flash_init
ffffffff9f010334 T flash_erase
ffffffff9f0105d8 T write_buff
ffffffff9f010880 T lowlevel_init
ffffffff9f0108a0 T hornet_pll_init
ffffffff9f010910 t reset_wlan
ffffffff9f01094c t check_val
ffffffff9f0109e0 t wait_loop1
ffffffff9f010a0c t otp_loop0
ffffffff9f010a58 t otp_loop0_end
ffffffff9f010a64 t otp_loop1
ffffffff9f010aa8 t default_pmu
ffffffff9f010ab4 t fetch_otp
ffffffff9f010ac4 t check_pmu
ffffffff9f010af4 t otp_end
ffffffff9f010b18 t pmu_loop0
ffffffff9f010b5c t pmu_loop0_end
ffffffff9f010b60 t pmu_loop1
ffffffff9f010bb4 t pmu_loop1_end
ffffffff9f010bb8 t pmu_loop2
ffffffff9f010bfc t pmu_loop2_end
ffffffff9f010c74 t pll_clock_control_oc_recovery
ffffffff9f010c94 t pll_clock_control_flash
ffffffff9f010cdc t pll_clock_control
ffffffff9f010d00 t pll_clock_control_default
ffffffff9f010d1c t pll_settle_time
ffffffff9f010d34 t pll_unlock_handler_oc_recovery
ffffffff9f010d44 t pll_unlock_handler_flash
ffffffff9f010d80 t pll_unlock_handler
ffffffff9f010da0 t pll_unlock_handler_default
ffffffff9f010db8 t wait_loop2
ffffffff9f010df0 t pll_lock_handler_oc_recovery
ffffffff9f010e00 t pll_lock_handler_flash
ffffffff9f010e34 t pll_lock_handler
ffffffff9f010e54 t pll_lock_handler_default
ffffffff9f010e6c t wait_loop3
ffffffff9f010e90 t start_meas0
ffffffff9f010ea8 t start_meas
ffffffff9f010ecc t delayloop0
ffffffff9f010eec t meas_done_statue
ffffffff9f010f0c t meas_result
ffffffff9f010f4c t pll_clear_bypass_oc_recovery
ffffffff9f010f5c t pll_clear_bypass_flash
ffffffff9f010f94 t pll_clear_bypass
ffffffff9f010fb4 t pll_clear_bypass_default
ffffffff9f010fcc t end
ffffffff9f010fe0 T do_reset
ffffffff9f011048 T flush_cache
ffffffff9f0110a0 T simple_mips_cache_reset
ffffffff9f0110b8 t _arai_icache_loop
ffffffff9f0110d0 t _arai_dcache_loop
ffffffff9f0110e8 T mips_cache_reset
ffffffff9f011280 T dcache_status
ffffffff9f011290 T dcache_disable
ffffffff9f0112ac T mips_cache_lock
ffffffff9f011308 T dcache_flush_range
ffffffff9f011314 t cache_loop_d_flush_range
ffffffff9f011330 T mips_cache_flush
ffffffff9f011344 t cache_loop_flush
ffffffff9f011368 t cache_loop_d_flush
ffffffff9f011384 T mips_icache_flush_ix
ffffffff9f011398 t icache_loop_flush_ix
ffffffff9f0113b4 T mips_cache_lock_24k
ffffffff9f0113c8 t cache_loop_lock
ffffffff9f011400 T ar7240_ddr_find_size
ffffffff9f011450 T serial_setbrg
ffffffff9f011a8c T serial_init
ffffffff9f011aec T serial_putc
ffffffff9f011b5c T serial_tstc
ffffffff9f011b70 T serial_getc
ffffffff9f011bc0 T serial_puts
ffffffff9f011c20 T ar933x_40MHz_xtal
ffffffff9f011c30 T ar933x_sys_frequency
ffffffff9f011d20 T hornet_ddr_init
ffffffff9f011d44 t mem_type
ffffffff9f011d60 t ddr2_config
ffffffff9f011edc t ddr1_config
ffffffff9f011fa8 T hornet_ddr_tap_init
ffffffff9f011fc8 t ddr_pat_init
ffffffff9f011fd8 t write_loop_start
ffffffff9f011fdc t pat_000
ffffffff9f011ff8 t pat_001
ffffffff9f012014 t pat_002
ffffffff9f012030 t pat_003
ffffffff9f012044 t pat_004
ffffffff9f012064 t pat_005
ffffffff9f012080 t pat_006
ffffffff9f01209c t pat_007
ffffffff9f0120b0 t pat_008
ffffffff9f0120d0 t pat_009
ffffffff9f0120ec t pat_00a
ffffffff9f012108 t pat_00b
ffffffff9f01211c t pat_00c
ffffffff9f01213c t pat_00d
ffffffff9f012158 t pat_00e
ffffffff9f012174 t pat_00f
ffffffff9f012188 t pat_done
ffffffff9f0121cc t load_tap
ffffffff9f0121e4 t pat_read
ffffffff9f0121fc t tap_addr_loop
ffffffff9f01229c t tap_decr
ffffffff9f0122b4 t tap_incr
ffffffff9f0122e4 t tap_fail
ffffffff9f01232c t up_limit
ffffffff9f012364 t tap_calc
ffffffff9f0123e8 t end
ffffffff9f012400 t init_func_ram
ffffffff9f0124c8 t display_banner
ffffffff9f01250c t init_baudrate
ffffffff9f012590 T sbrk
ffffffff9f0125e4 T board_init_r
ffffffff9f012a04 T hang
ffffffff9f012a3c T board_init_f
ffffffff9f012b90 T timer_init
ffffffff9f012ba0 T get_timer
ffffffff9f012bac T udelay
ffffffff9f012c44 T get_ticks
ffffffff9f012c50 T get_tbclk
ffffffff9f012c60 t linux_env_set
ffffffff9f012d9c T do_bootm_linux
ffffffff9f0132d0 t nc_wait_arp_handler
ffffffff9f0132ec t nc_handler
ffffffff9f013318 t nc_timeout
ffffffff9f013334 T nc_start
ffffffff9f0134b4 T nc_getc
ffffffff9f01356c T nc_tstc
ffffffff9f013614 t nc_send_packet
ffffffff9f013834 T nc_putc
ffffffff9f0138a0 T nc_puts
ffffffff9f013930 T NcStart
ffffffff9f013a60 T nc_input_packet
ffffffff9f013b84 T drv_nc_init
ffffffff9f013c40 t startAgainTimeout
ffffffff9f013c5c t startAgainHandler
ffffffff9f013c64 t PingHandler
ffffffff9f013cc4 t PingTimeout
ffffffff9f013d04 T NetSetHandler
ffffffff9f013d1c T NetSetTimeout
ffffffff9f013d88 T NetStartAgain
ffffffff9f013f30 T NetSendPacket
ffffffff9f013f64 T NetCksum
ffffffff9f013fb0 T NetCksumOk
ffffffff9f013ff0 T NetEthHdrSize
ffffffff9f014030 T NetSetEther
ffffffff9f014120 T ArpRequest
ffffffff9f0142ac T ArpTimeoutCheck
ffffffff9f014388 T PingSend
ffffffff9f014560 T NetSetIP
ffffffff9f014698 T NetSendUDPPacket
ffffffff9f014898 T copy_filename
ffffffff9f014908 T ip_to_string
ffffffff9f01496c T string_to_ip
ffffffff9f014a14 T VLAN_to_string
ffffffff9f014a90 T string_to_VLAN
ffffffff9f014b00 T print_IPaddr
ffffffff9f014b58 T getenv_IPaddr
ffffffff9f014ba0 T getenv_VLAN
ffffffff9f014be8 T NetLoop
ffffffff9f015418 T NetSendHttpd
ffffffff9f0154e4 T NetReceiveHttpd
ffffffff9f0155f8 T NetReceive
ffffffff9f015c98 T NetLoopHttpd
ffffffff9f016150 t TftpSend
ffffffff9f01636c t TftpHandler
ffffffff9f0166f8 t TftpTimeout
ffffffff9f0167c0 T TftpStart
ffffffff9f016b00 T eth_get_dev_by_name
ffffffff9f016b74 T eth_get_dev_index
ffffffff9f016bd4 T eth_register
ffffffff9f016cc4 T eth_initialize
ffffffff9f016ee8 T eth_set_enetaddr
ffffffff9f016fd4 T eth_halt
ffffffff9f017028 T eth_send
ffffffff9f017080 T eth_rx
ffffffff9f0170d0 T eth_try_another
ffffffff9f0171b0 T eth_init
ffffffff9f017270 T eth_set_current
ffffffff9f01733c T eth_get_name
ffffffff9f017370 t BootpCopyNetParams
ffffffff9f017498 t DhcpOptionsProcess
ffffffff9f0177a8 t DhcpHandler
ffffffff9f017e6c T BootpRequest
ffffffff9f018314 t BootpTimeout
ffffffff9f0183b0 T DhcpRequest
ffffffff9f0183f0 t SntpHandler
ffffffff9f0184bc t SntpTimeout
ffffffff9f018504 T SntpStart
ffffffff9f018660 T HttpdHandler
ffffffff9f018764 T HttpdStart
ffffffff9f0187a8 T do_http_upgrade
ffffffff9f018a2c T do_http_progress
ffffffff9f018be0 T GregorianDay
ffffffff9f018d7c T to_tm
ffffffff9f018f10 T mktime
ffffffff9f018fe0 t uip_add_rcv_nxt
ffffffff9f019054 T uip_init
ffffffff9f019090 T uip_unlisten
ffffffff9f0190d0 T uip_listen
ffffffff9f019110 T uip_process
ffffffff9f01a310 T uip_add32
ffffffff9f01a410 T uip_chksum
ffffffff9f01a4b0 T uip_ipchksum
ffffffff9f01a4f0 T uip_tcpchksum
ffffffff9f01a690 t uip_arp_update
ffffffff9f01a874 T uip_arp_init
ffffffff9f01a900 T uip_arp_timer
ffffffff9f01a9d8 T uip_arp_ipin
ffffffff9f01aa94 T uip_arp_arpin
ffffffff9f01acc4 T uip_arp_out
ffffffff9f01af80 t httpd_download_progress
ffffffff9f01b03c t httpd_findandstore_firstchunk
ffffffff9f01b424 t httpd_state_reset
ffffffff9f01b498 T httpd_init
ffffffff9f01b4e0 T httpd_appcall
ffffffff9f01c0a0 T fs_open
ffffffff9f01c158 T fs_init
ffffffff9f01c160 T crc32
ffffffff9f01c300 T print_size
ffffffff9f01c410 T strnicmp
ffffffff9f01c4a8 T strcat
ffffffff9f01c4f4 T strncat
ffffffff9f01c55c T strchr
ffffffff9f01c5b0 T strlen
ffffffff9f01c5e4 T strrchr
ffffffff9f01c658 T strnlen
ffffffff9f01c6a4 T strdup
ffffffff9f01c724 T strspn
ffffffff9f01c794 T strpbrk
ffffffff9f01c804 T strtok
ffffffff9f01c8c4 T strsep
ffffffff9f01c93c T strswab
ffffffff9f01c9c0 T memset
ffffffff9f01c9e4 T memcpy
ffffffff9f01ca10 T memmove
ffffffff9f01ca70 T memcmp
ffffffff9f01cacc T strstr
ffffffff9f01cba8 T memchr
ffffffff9f01cbe0 t number
ffffffff9f01ce68 T simple_strtoul
ffffffff9f01cf7c T simple_strtol
ffffffff9f01cfd4 T vsprintf
ffffffff9f01d55c T sprintf
ffffffff9f01d5a0 T lzma_inflate
ffffffff9f01d830 T LzmaDecodeProperties
ffffffff9f01d8b8 T LzmaDecode
ffffffff9f01e390 t dummy
ffffffff9f01e398 T get_version
ffffffff9f01e3a0 T jumptable_init
ffffffff9f01e450 t ag7240_halt
ffffffff9f01e49c t ag7240_alloc_fifo
ffffffff9f01e564 t ag7240_recv
ffffffff9f01e6c8 t ag7240_send
ffffffff9f01e858 t ag7240_clean_rx
ffffffff9f01f038 T ag7240_mii_setup
ffffffff9f01f538 T ag7240_enet_initialize
ffffffff9f01fffc T ag7240_miiphy_read
ffffffff9f020268 T ag7240_miiphy_write
ffffffff9f020460 T athrs26_reg_read
ffffffff9f0206d4 T athrs26_reg_write
ffffffff9f020a18 T s26_rd_phy
ffffffff9f020b14 T athrs26_phy_is_link_alive
ffffffff9f020b70 T athrs26_phy_is_fdx
ffffffff9f020c8c T athrs26_phy_is_up
ffffffff9f020df8 T s26_wr_phy
ffffffff9f020ef4 T athrs26_powersave_off
ffffffff9f020f58 T athrs26_sleep_off
ffffffff9f020fbc T athrs26_reg_init
ffffffff9f021064 T athrs26_reg_init_lan
ffffffff9f021398 T athrs26_phy_setup
ffffffff9f021708 T athrs26_phy_speed
ffffffff9f0218ec T athrs26_mdc_check
ffffffff9f021a10 r bitpattern.1883
ffffffff9f021a30 r oc_profiles
ffffffff9f021c00 r baudrate_table
ffffffff9f021c90 r baudrate_table
ffffffff9f021d10 r crc16_tab
ffffffff9f021f10 R version_string
ffffffff9f022170 r data_uboot_html
ffffffff9f02259c r data_style_css
ffffffff9f022870 r data_index_html
ffffffff9f022c4c r data_flashing_html
ffffffff9f02338c r data_fail_html
ffffffff9f02369c r data_art_html
ffffffff9f023a6c r data_404_html
ffffffff9f023c60 r crc_table
ffffffff9f024200 r __func__.2503
ffffffff9f024214 r __func__.2488
ffffffff9f024228 r __func__.2400
ffffffff9f0283d0 D load_addr
ffffffff9f0283e0 D dp_last_length
ffffffff9f0283f0 D op_table
ffffffff9f028460 D stdio_names
ffffffff9f028470 D default_environment
ffffffff9f028980 D env_get_char
ffffffff9f028990 D env_ptr
ffffffff9f0289a0 D env_name_spec
ffffffff9f0289b0 d reserved_list
ffffffff9f028a40 d tab_seq
ffffffff9f028a4c d erase_seq
ffffffff9f028a50 d sbrk_base
ffffffff9f028a54 d mmap_threshold
ffffffff9f028a58 d trim_threshold
ffffffff9f028a60 d av_
ffffffff9f028e70 D init_sequence
ffffffff9f028ea0 D NetOurNativeVLAN
ffffffff9f028ea2 D NetOurVLAN
ffffffff9f028ea4 D NetBcastAddr
ffffffff9f028eb0 d month_days
ffffffff9f028ee0 D uip_ethaddr
ffffffff9f028ef0 d eol2
ffffffff9f028ef8 d eol
ffffffff9f028f00 D file_uboot_html
ffffffff9f028f10 D file_style_css
ffffffff9f028f20 D file_index_html
ffffffff9f028f30 D file_flashing_html
ffffffff9f028f40 D file_fail_html
ffffffff9f028f50 D file_art_html
ffffffff9f028f60 D file_404_html
ffffffff9f028f70 D _ctype
ffffffff9f029070 d athrPhyInfo
ffffffff9f029100 A _gp
ffffffff9f029100 D _GLOBAL_OFFSET_TABLE_
ffffffff9f029100 D __got_start
ffffffff9f029680 A __u_boot_cmd_start
ffffffff9f029680 D __got_end
ffffffff9f029680 D __u_boot_cmd_iminfo
ffffffff9f029698 D __u_boot_cmd_bootd
ffffffff9f0296b0 D __u_boot_cmd_boot
ffffffff9f0296c8 D __u_boot_cmd_bootm
ffffffff9f0296e0 D __u_boot_cmd_reset
ffffffff9f0296f8 D __u_boot_cmd_go
ffffffff9f029710 D __u_boot_cmd_erase
ffffffff9f029728 D __u_boot_cmd_cp
ffffffff9f029740 D __u_boot_cmd_mtest
ffffffff9f029758 D __u_boot_cmd_mw
ffffffff9f029770 D __u_boot_cmd_nm
ffffffff9f029788 D __u_boot_cmd_mm
ffffffff9f0297a0 D __u_boot_cmd_md
ffffffff9f0297b8 D __u_boot_cmd_clearclk
ffffffff9f0297d0 D __u_boot_cmd_setclk
ffffffff9f0297e8 D __u_boot_cmd_defenv
ffffffff9f029800 D __u_boot_cmd_startsc
ffffffff9f029818 D __u_boot_cmd_startnc
ffffffff9f029830 D __u_boot_cmd_setmac
ffffffff9f029848 D __u_boot_cmd_printmac
ffffffff9f029860 D __u_boot_cmd_sntp
ffffffff9f029878 D __u_boot_cmd_ping
ffffffff9f029890 D __u_boot_cmd_dhcp
ffffffff9f0298a8 D __u_boot_cmd_tftpboot
ffffffff9f0298c0 D __u_boot_cmd_httpd
ffffffff9f0298d8 D __u_boot_cmd_run
ffffffff9f0298f0 D __u_boot_cmd_saveenv
ffffffff9f029908 D __u_boot_cmd_setenv
ffffffff9f029920 D __u_boot_cmd_printenv
ffffffff9f029938 D __u_boot_cmd_itest
ffffffff9f029950 D __u_boot_cmd_loady
ffffffff9f029968 D __u_boot_cmd_loadb
ffffffff9f029980 D __u_boot_cmd_question_mark
ffffffff9f029998 D __u_boot_cmd_help
ffffffff9f0299b0 D __u_boot_cmd_exit
ffffffff9f0299c8 D __u_boot_cmd_test
ffffffff9f0299e0 D __u_boot_cmd_echo
ffffffff9f0299f8 D __u_boot_cmd_version
ffffffff9f029a10 A __u_boot_cmd_end
ffffffff9f029a10 A uboot_end_data
ffffffff9f029a10 b k_data_escape_saved
ffffffff9f029a14 b k_data_escape
ffffffff9f029a18 b bin_start_address
ffffffff9f029a1c b os_data_addr_saved
ffffffff9f029a20 b os_data_addr
ffffffff9f029a24 b os_data_count_saved
ffffffff9f029a28 b os_data_state_saved
ffffffff9f029a2c b os_data_state
ffffffff9f029a30 b a_b
ffffffff9f029a50 b ctrlc_was_pressed
ffffffff9f029a54 b ctrlc_disabled
ffffffff9f029a60 B stdio_devices
ffffffff9f029a6c B devlist
ffffffff9f029a70 b the_command.2040
ffffffff9f029e70 b buf.2233
ffffffff9f029e98 b local.2024
ffffffff9f029eb0 b top_vars
ffffffff9f029eb4 b do_repeat
ffffffff9f029eb8 b flag_repeat
ffffffff9f029ebc b map
ffffffff9f029fbc b ifs
ffffffff9f029fc0 b xyz
ffffffff9f02a400 b current_mallinfo
ffffffff9f02a428 b max_total_mem
ffffffff9f02a42c b max_sbrked_mem
ffffffff9f02a430 b n_mmaps_max
ffffffff9f02a434 b top_pad
ffffffff9f02a440 b mem_malloc_brk
ffffffff9f02a444 b mem_malloc_end
ffffffff9f02a448 b mem_malloc_start
ffffffff9f02a450 b linux_env_idx
ffffffff9f02a454 b linux_env_p
ffffffff9f02a458 b linux_env
ffffffff9f02a45c b linux_argv
ffffffff9f02a460 b linux_argc
ffffffff9f02a470 B net_loop_last_protocol
ffffffff9f02a474 b output_packet_len
ffffffff9f02a478 b output_packet
ffffffff9f02a47c b nc_port
ffffffff9f02a480 b nc_ip
ffffffff9f02a484 b nc_ether
ffffffff9f02a48c b net_timeout
ffffffff9f02a490 b output_recursion
ffffffff9f02a494 b input_recursion
ffffffff9f02a498 b input_offset
ffffffff9f02a49c b input_size
ffffffff9f02a4a0 b input_buffer
ffffffff9f02a6a0 B NetTxPacket
ffffffff9f02a6a4 B NetTimeOffset
ffffffff9f02a6a8 B NetRestartWrap
ffffffff9f02a6ac B NetEtherNullAddr
ffffffff9f02a6b4 B NetServerEther
ffffffff9f02a6ba B NetBootFileSize
ffffffff9f02a6bc B NetOurRootPath
ffffffff9f02a6fc B NetOurHostName
ffffffff9f02a71c B NetOurNISDomain
ffffffff9f02a73c B NetOurDNSIP
ffffffff9f02a740 B NetOurGatewayIP
ffffffff9f02a744 B NetOurSubnetMask
ffffffff9f02a748 B webfailsafe_upgrade_type
ffffffff9f02a74c B webfailsafe_ready_for_upgrade
ffffffff9f02a750 B webfailsafe_is_running
ffffffff9f02a754 B webfailsafe_data_pointer
ffffffff9f02a758 b mac.2513
ffffffff9f02a75e b PingSeqNo
ffffffff9f02a760 b timeDelta
ffffffff9f02a764 b timeStart
ffffffff9f02a768 b timeHandler
ffffffff9f02a76c b packetHandler
ffffffff9f02a770 b NetDevExists
ffffffff9f02a774 b NetRestarted
ffffffff9f02a780 b tftp_filename
ffffffff9f02a784 b default_filename
ffffffff9f02a794 b TftpBlockWrapOffset
ffffffff9f02a798 b TftpBlockWrap
ffffffff9f02a79c b TftpLastBlock
ffffffff9f02a7a0 b TftpBlock
ffffffff9f02a7a4 b TftpState
ffffffff9f02a7a8 b TftpTimeoutCount
ffffffff9f02a7ac b TftpOurPort
ffffffff9f02a7b0 b TftpServerPort
ffffffff9f02a7c0 b first_failed.2165
ffffffff9f02a7c4 b eth_devices
ffffffff9f02a7d0 B NetDHCPServerIP
ffffffff9f02a7d4 B dhcp_leasetime
ffffffff9f02a7d8 B dhcp_state
ffffffff9f02a7e0 b SntpOurPort
ffffffff9f02a7f0 b arptimer
ffffffff9f02a800 b tmp16
ffffffff9f02a802 b opt
ffffffff9f02a803 b c
ffffffff9f02a804 b iss
ffffffff9f02a808 b ipid
ffffffff9f02a810 b tmpage
ffffffff9f02a811 b arptime
ffffffff9f02a812 b c
ffffffff9f02a813 b i
ffffffff9f02a814 b ipaddr
ffffffff9f02a818 b arp_table
ffffffff9f02a830 b boundary_value
ffffffff9f02a834 b post_line_counter
ffffffff9f02a835 b post_packet_counter
ffffffff9f02a838 b data_start_found
ffffffff9f02a83c b webfailsafe_upload_failed
ffffffff9f02a840 b webfailsafe_post_done
ffffffff9f02a850 b rpos
ffffffff9f02a860 b athr26_init_flag1
ffffffff9f02a861 b athr26_init_flag
ffffffff9f02a870 B header
ffffffff9f02a8b0 B dp_last_size
ffffffff9f02a8b4 B dp_last_addr
ffffffff9f02a8b8 B mm_last_size
ffffffff9f02a8bc B mm_last_addr
ffffffff9f02a8c0 B his_pad_char
ffffffff9f02a8c4 B os_data_count
ffffffff9f02a8c8 B os_data_init
ffffffff9f02a8cc B send_ptr
ffffffff9f02a8d0 B os_data_header
ffffffff9f02a8f0 B os_data_char
ffffffff9f02a8f4 B his_eol
ffffffff9f02a8f5 B his_quote
ffffffff9f02a8f8 B send_parms
ffffffff9f02a90c B his_pad_count
ffffffff9f02a910 B nesting_level
ffffffff9f02a914 B last_return_code
ffffffff9f02a918 B console_buffer
ffffffff9f02ad18 B flash_info
ffffffff9f02ed28 B monitor_flash_len
ffffffff9f02ed2c B NetNtpServerIP
ffffffff9f02ed30 B NetArpWaitTry
ffffffff9f02ed34 B NetArpWaitPacketMAC
ffffffff9f02ed38 B NetOurEther
ffffffff9f02ed40 B NetOurIP
ffffffff9f02ed44 B NetPingIP
ffffffff9f02ed48 B NetServerIP
ffffffff9f02ed4c B NetArpWaitTxPacketSize
ffffffff9f02ed50 B NetArpWaitReplyIP
ffffffff9f02ed54 B NetRxPackets
ffffffff9f02ed94 B NetArpWaitTxPacket
ffffffff9f02ed98 B NetArpWaitPacketIP
ffffffff9f02ed9c B NetState
ffffffff9f02eda0 B BootFile
ffffffff9f02ee20 B NetIPID
ffffffff9f02ee24 B NetRxPkt
ffffffff9f02ee28 B NetArpWaitPacketBuf
ffffffff9f02f448 B NetRxPktLen
ffffffff9f02f44c B NetBootFileXferSize
ffffffff9f02f450 B PktBuf
ffffffff9f035a70 B NetArpWaitTimerStart
ffffffff9f035a74 B eth_current
ffffffff9f035a78 B seed1
ffffffff9f035a7c B BootpTry
ffffffff9f035a80 B BootpID
ffffffff9f035a84 B seed2
ffffffff9f035a88 B uip_len
ffffffff9f035a8c B uip_sappdata
ffffffff9f035a90 B uip_acc32
ffffffff9f035a94 B uip_flags
ffffffff9f035a98 B uip_appdata
ffffffff9f035a9c B uip_conn
ffffffff9f035aa0 B uip_conns
ffffffff9f035af8 B uip_arp_netmask
ffffffff9f035afc B uip_listenports
ffffffff9f035afe B uip_surglen
ffffffff9f035b00 B uip_urgdata
ffffffff9f035b04 B uip_hostaddr
ffffffff9f035b08 B uip_arp_draddr
ffffffff9f035b0c B uip_urglen
ffffffff9f035b10 B uip_buf
ffffffff9f0360ee B uip_slen
ffffffff9f0360f0 B hs
ffffffff9f0360f4 B ___strtok
ffffffff9f0360f8 B ag7240_macs
ffffffff9f036100 A uboot_end
